
> plearn@0.0.1 build
> vite build

[36mvite v8.0.8 [32mbuilding ssr environment for production...[36m[39m
[2K
node.exe : 19:41:10 [vite-plugin-svelte] src/routes/profile/+page.svelte:170:1 Unused CSS selector ".dark .cover-photo"
At line:1 char:1
+ & "C:\Program Files\nodejs/node.exe" "C:\Program Files\nodejs/node_mo ...
+ ~~~~~~~~~~~~~~~~~~~~~~~~~~~~~~~~~~~~~~~~~~~~~~~~~~~~~~~~~~~~~~~~~~~~~
    + CategoryInfo          : NotSpecified: (19:41:10 [vite-...k .cover-photo":String) [], RemoteException
    + FullyQualifiedErrorId : NativeCommandError
 
https://svelte.dev/e/css_unused_selector
168:     background: linear-gradient(135deg, #182848, #4b6cb7); /* Classic gradient */
169:   }
170:   .dark .cover-photo { background: linear-gradient(135deg, #0f2027, #203a43); }
                         ^
171: 
172:   .profile-info-container {
19:41:10 [vite-plugin-svelte] src/routes/+page.svelte:90:3 Visible, non-interactive elements with a click event must 
be accompanied by a keyboard event handler. Consider whether an interactive element such as `<button type="button">` 
or `<a>` might be more appropriate
https://svelte.dev/e/a11y_click_events_have_key_events
88:       </div>
89:     {:else}
90:       <div class="classic-card create-prompt" onclick={() => (showCreatePost = true)}>
                ^
91:         {#if userInfo?.photoURL}
92:           <img src={userInfo.photoURL} alt="" class="cp-avatar" referrerpolicy="no-referrer" />
19:41:10 [vite-plugin-svelte] src/routes/+page.svelte:90:3 `<div>` with a click handler must have an ARIA role
https://svelte.dev/e/a11y_no_static_element_interactions
88:       </div>
89:     {:else}
90:       <div class="classic-card create-prompt" onclick={() => (showCreatePost = true)}>
                ^
91:         {#if userInfo?.photoURL}
92:           <img src={userInfo.photoURL} alt="" class="cp-avatar" referrerpolicy="no-referrer" />
19:41:11 [vite-plugin-svelte] src/lib/components/PostCard.svelte:259:4 Visible, non-interactive elements with a click 
event must be accompanied by a keyboard event handler. Consider whether an interactive element such as `<button 
type="button">` or `<a>` might be more appropriate
https://svelte.dev/e/a11y_click_events_have_key_events
257:     <div class="stats-right">
258:       {#if post.commentCount > 0}
259:         <span class="stats-text hover-underline" onclick={() => showComments = true}>{post.commentCount} 
เธเธงเธฒเธกเธเธดเธ”เน€เธซเนเธ</span>
                                                                                                                       
         ^
260:       {/if}
261:     </div>
19:41:11 [vite-plugin-svelte] src/lib/components/PostCard.svelte:259:4 `<span>` with a click handler must have an ARIA 
role
https://svelte.dev/e/a11y_no_static_element_interactions
257:     <div class="stats-right">
258:       {#if post.commentCount > 0}
259:         <span class="stats-text hover-underline" onclick={() => showComments = true}>{post.commentCount} 
เธเธงเธฒเธกเธเธดเธ”เน€เธซเนเธ</span>
                                                                                                                       
         ^
260:       {/if}
261:     </div>
19:41:11 [vite-plugin-svelte] src/lib/components/CommentSection.svelte:141:5 Buttons and links should either contain 
text or have an `aria-label`, `aria-labelledby` or `title` attribute
https://svelte.dev/e/a11y_consider_explicit_label
139:           </label>
140:           
141:           <button type="submit" class="cm-send" disabled={!newCommentText.trim() || isSubmitting}>
                        ^
142:             <svg width="20" height="20" viewBox="0 0 24 24" fill="currentColor"><path d="M22 2L11 13M22 2l-7 
20-4-9-9-4 20-7z" fill="none" stroke="currentColor" stroke-width="2" stroke-linecap="round" 
stroke-linejoin="round"/></svg>
143:           </button>
transforming...โ“ 160 modules transformed.
[31mโ—[39m Build failed in 1.25s
[31merror during build:
[31mBuild failed with 2 errors:

[plugin vite-plugin-svelte:compile] C:/Users/raphi/OneDrive - Nakhon Sawan Rajabhat 
University/เน€เธ”เธชเธเนเธ—เนเธญเธ/PLEARN/src/routes/+layout.svelte:395:4
RolldownError: C:/Users/raphi/OneDrive - Nakhon Sawan Rajabhat 
University/เน€เธ”เธชเธเนเธ—เนเธญเธ/PLEARN/src/routes/+layout.svelte:395:4 `</div>` attempted to close an element 
that was not open
https://svelte.dev/e/element_invalid_closing_tag
 393 |            </div>
 394 |            </div>
 395 |          </div>
                ^
 396 |        </section>
 397 |      </main>
[plugin vite-plugin-svelte:compile] C:/Users/raphi/OneDrive - Nakhon Sawan Rajabhat 
University/เน€เธ”เธชเธเนเธ—เนเธญเธ/PLEARN/src/lib/components/GlobalChat.svelte:192:0
RolldownError: C:/Users/raphi/OneDrive - Nakhon Sawan Rajabhat 
University/เน€เธ”เธชเธเนเธ—เนเธญเธ/PLEARN/src/lib/components/GlobalChat.svelte:192:0 `</div>` attempted to close 
an element that was not open
https://svelte.dev/e/element_invalid_closing_tag
 190 |      </div>
 191 |    {/if}
 192 |  </div>
        ^
 193 |  
 194 |  <style>[31m
    at aggregateBindingErrorsIntoJsError (file:///C:/Users/raphi/OneDrive%20-%20Nakhon%20Sawan%20Rajabhat%20University/
%E0%B9%80%E0%B8%94%E0%B8%AA%E0%B8%81%E0%B9%8C%E0%B8%97%E0%B9%87%E0%B8%AD%E0%B8%9B/PLEARN/node_modules/rolldown/dist/sha
red/error-w0u7biK-.mjs:48:18)
    at unwrapBindingResult (file:///C:/Users/raphi/OneDrive%20-%20Nakhon%20Sawan%20Rajabhat%20University/%E0%B9%80%E0%B
8%94%E0%B8%AA%E0%B8%81%E0%B9%8C%E0%B8%97%E0%B9%87%E0%B8%AD%E0%B8%9B/PLEARN/node_modules/rolldown/dist/shared/error-w0u7
biK-.mjs:18:128)
    at #build (file:///C:/Users/raphi/OneDrive%20-%20Nakhon%20Sawan%20Rajabhat%20University/%E0%B9%80%E0%B8%94%E0%B8%AA
%E0%B8%81%E0%B9%8C%E0%B8%97%E0%B9%87%E0%B8%AD%E0%B8%9B/PLEARN/node_modules/rolldown/dist/shared/rolldown-build-DtGk-m96
.mjs:3313:34)
    at async buildEnvironment (file:///C:/Users/raphi/OneDrive%20-%20Nakhon%20Sawan%20Rajabhat%20University/%E0%B9%80%E
0%B8%94%E0%B8%AA%E0%B8%81%E0%B9%8C%E0%B8%97%E0%B9%87%E0%B8%AD%E0%B8%9B/PLEARN/node_modules/vite/dist/node/chunks/node.j
s:32954:64)
    at async Object.build (file:///C:/Users/raphi/OneDrive%20-%20Nakhon%20Sawan%20Rajabhat%20University/%E0%B9%80%E0%B8
%94%E0%B8%AA%E0%B8%81%E0%B9%8C%E0%B8%97%E0%B9%87%E0%B8%AD%E0%B8%9B/PLEARN/node_modules/vite/dist/node/chunks/node.js:33
376:19)
    at async Object.buildApp (file:///C:/Users/raphi/OneDrive%20-%20Nakhon%20Sawan%20Rajabhat%20University/%E0%B9%80%E0
%B8%94%E0%B8%AA%E0%B8%81%E0%B9%8C%E0%B8%97%E0%B9%87%E0%B8%AD%E0%B8%9B/PLEARN/node_modules/vite/dist/node/chunks/node.js
:33373:153)
    at async CAC.<anonymous> (file:///C:/Users/raphi/OneDrive%20-%20Nakhon%20Sawan%20Rajabhat%20University/%E0%B9%80%E0
%B8%94%E0%B8%AA%E0%B8%81%E0%B9%8C%E0%B8%97%E0%B9%87%E0%B8%AD%E0%B8%9B/PLEARN/node_modules/vite/dist/node/cli.js:778:3) 
{
  errors: [Getter/Setter]
}[39m
